{
    "tests": {
        "id": "b84c9b7f-1ebb-49b6-9d18-4305932b2dd1",
        "multiple": [
            "a",
            666,
            "c"
        ],
        "ints": [
            666,
            666,
            666,
            666
        ],
        "objects": [
            {
                "id": 666
            },
            {
                "id": 666
            },
            {
                "id": 666
            }
        ],
        "arrays": [
            [
                1,
                2,
                666
            ],
            [
                3,
                4,
                666
            ]
        ]
    }
}
